###############################################################################
#
# IAR ELF Linker V8.20.1.14183/W32 for ARM                16/Nov/2017  22:15:24
# Copyright 2007-2017 IAR Systems AB.
#
#    Output file  =  
#        C:\Users\Zgeny\Desktop\I2C\HAL_I2C\EWARM\HAL_I2C\Exe\HAL_I2C.out
#    Map file     =  
#        C:\Users\Zgeny\Desktop\I2C\HAL_I2C\EWARM\HAL_I2C\List\HAL_I2C.map
#    Command line =  
#        -f C:\Users\Zgeny\AppData\Local\Temp\EW4A8C.tmp
#        (C:\Users\Zgeny\Desktop\I2C\HAL_I2C\EWARM\HAL_I2C\Obj\gpio.o
#        C:\Users\Zgeny\Desktop\I2C\HAL_I2C\EWARM\HAL_I2C\Obj\i2c.o
#        C:\Users\Zgeny\Desktop\I2C\HAL_I2C\EWARM\HAL_I2C\Obj\main.o
#        C:\Users\Zgeny\Desktop\I2C\HAL_I2C\EWARM\HAL_I2C\Obj\startup_stm32f103xe.o
#        C:\Users\Zgeny\Desktop\I2C\HAL_I2C\EWARM\HAL_I2C\Obj\stm32f1xx_hal.o
#        C:\Users\Zgeny\Desktop\I2C\HAL_I2C\EWARM\HAL_I2C\Obj\stm32f1xx_hal_cortex.o
#        C:\Users\Zgeny\Desktop\I2C\HAL_I2C\EWARM\HAL_I2C\Obj\stm32f1xx_hal_dma.o
#        C:\Users\Zgeny\Desktop\I2C\HAL_I2C\EWARM\HAL_I2C\Obj\stm32f1xx_hal_flash.o
#        C:\Users\Zgeny\Desktop\I2C\HAL_I2C\EWARM\HAL_I2C\Obj\stm32f1xx_hal_flash_ex.o
#        C:\Users\Zgeny\Desktop\I2C\HAL_I2C\EWARM\HAL_I2C\Obj\stm32f1xx_hal_gpio.o
#        C:\Users\Zgeny\Desktop\I2C\HAL_I2C\EWARM\HAL_I2C\Obj\stm32f1xx_hal_gpio_ex.o
#        C:\Users\Zgeny\Desktop\I2C\HAL_I2C\EWARM\HAL_I2C\Obj\stm32f1xx_hal_i2c.o
#        C:\Users\Zgeny\Desktop\I2C\HAL_I2C\EWARM\HAL_I2C\Obj\stm32f1xx_hal_msp.o
#        C:\Users\Zgeny\Desktop\I2C\HAL_I2C\EWARM\HAL_I2C\Obj\stm32f1xx_hal_pcd.o
#        C:\Users\Zgeny\Desktop\I2C\HAL_I2C\EWARM\HAL_I2C\Obj\stm32f1xx_hal_pcd_ex.o
#        C:\Users\Zgeny\Desktop\I2C\HAL_I2C\EWARM\HAL_I2C\Obj\stm32f1xx_hal_pwr.o
#        C:\Users\Zgeny\Desktop\I2C\HAL_I2C\EWARM\HAL_I2C\Obj\stm32f1xx_hal_rcc.o
#        C:\Users\Zgeny\Desktop\I2C\HAL_I2C\EWARM\HAL_I2C\Obj\stm32f1xx_hal_rcc_ex.o
#        C:\Users\Zgeny\Desktop\I2C\HAL_I2C\EWARM\HAL_I2C\Obj\stm32f1xx_hal_tim.o
#        C:\Users\Zgeny\Desktop\I2C\HAL_I2C\EWARM\HAL_I2C\Obj\stm32f1xx_hal_tim_ex.o
#        C:\Users\Zgeny\Desktop\I2C\HAL_I2C\EWARM\HAL_I2C\Obj\stm32f1xx_it.o
#        C:\Users\Zgeny\Desktop\I2C\HAL_I2C\EWARM\HAL_I2C\Obj\stm32f1xx_ll_usb.o
#        C:\Users\Zgeny\Desktop\I2C\HAL_I2C\EWARM\HAL_I2C\Obj\system_stm32f1xx.o
#        C:\Users\Zgeny\Desktop\I2C\HAL_I2C\EWARM\HAL_I2C\Obj\tim.o
#        C:\Users\Zgeny\Desktop\I2C\HAL_I2C\EWARM\HAL_I2C\Obj\usb_device.o
#        C:\Users\Zgeny\Desktop\I2C\HAL_I2C\EWARM\HAL_I2C\Obj\usbd_cdc.o
#        C:\Users\Zgeny\Desktop\I2C\HAL_I2C\EWARM\HAL_I2C\Obj\usbd_cdc_if.o
#        C:\Users\Zgeny\Desktop\I2C\HAL_I2C\EWARM\HAL_I2C\Obj\usbd_conf.o
#        C:\Users\Zgeny\Desktop\I2C\HAL_I2C\EWARM\HAL_I2C\Obj\usbd_core.o
#        C:\Users\Zgeny\Desktop\I2C\HAL_I2C\EWARM\HAL_I2C\Obj\usbd_ctlreq.o
#        C:\Users\Zgeny\Desktop\I2C\HAL_I2C\EWARM\HAL_I2C\Obj\usbd_desc.o
#        C:\Users\Zgeny\Desktop\I2C\HAL_I2C\EWARM\HAL_I2C\Obj\usbd_ioreq.o
#        --redirect _Printf=_PrintfFull --redirect _Scanf=_ScanfFull -o
#        C:\Users\Zgeny\Desktop\I2C\HAL_I2C\EWARM\HAL_I2C\Exe\HAL_I2C.out --map
#        C:\Users\Zgeny\Desktop\I2C\HAL_I2C\EWARM\HAL_I2C\List\HAL_I2C.map
#        --config
#        C:\Users\Zgeny\Desktop\I2C\HAL_I2C\EWARM/stm32f103xe_flash.icf
#        --semihosting --entry __iar_program_start --vfe --text_out locale)
#
###############################################################################

*******************************************************************************
*** RUNTIME MODEL ATTRIBUTES
***

CppFlavor       = *
__SystemLibrary = DLib
__dlib_version  = 6


*******************************************************************************
*** HEAP SELECTION
***

The basic heap was selected because no calls to memory allocation
functions were found in the application outside of system library
functions, and there are calls to deallocation functions in the
application.


*******************************************************************************
*** PLACEMENT SUMMARY
***

"A0":  place at 0x08000000 { ro section .intvec };
"P1":  place in [from 0x08000000 to 0x0807ffff] { ro };
define block CSTACK with size = 1K, alignment = 8 { };
define block HEAP with size = 512, alignment = 8 { };
"P2":  place in [from 0x20000000 to 0x2000ffff] {
          rw, block CSTACK, block HEAP };
initialize by copy { rw };

  Section            Kind        Address    Size  Object
  -------            ----        -------    ----  ------
"A0":                                      0x130
  .intvec            ro code  0x08000000   0x130  startup_stm32f103xe.o [1]
                            - 0x08000130   0x130

"P1":                                     0x3d25
  .text              ro code  0x08000130   0xed2  stm32f1xx_hal_i2c.o [1]
  .text              ro code  0x08001002    0x7a  lz77_init_single.o [4]
  .text              ro code  0x0800107c    0xd8  i2c.o [1]
  .text              ro code  0x08001154   0x4d2  stm32f1xx_hal_rcc.o [1]
  .text              ro code  0x08001628     0xc  stm32f1xx_hal.o [1]
  .text              ro code  0x08001634     0x2  stm32f1xx_hal_i2c.o [1]
  .text              ro code  0x08001636     0x2  stm32f1xx_hal_i2c.o [1]
  .text              ro code  0x08001638     0x2  stm32f1xx_hal_i2c.o [1]
  .text              ro code  0x0800163a     0x2  stm32f1xx_hal_i2c.o [1]
  .text              ro code  0x0800163c     0x2  stm32f1xx_hal_i2c.o [1]
  .text              ro code  0x0800163e     0x2  stm32f1xx_hal_i2c.o [1]
  .text              ro code  0x08001640     0x2  stm32f1xx_hal_i2c.o [1]
  .text              ro code  0x08001642     0x2  stm32f1xx_hal_i2c.o [1]
  .text              ro code  0x08001644   0x110  stm32f1xx_hal_dma.o [1]
  .text              ro code  0x08001754     0x2  stm32f1xx_hal_i2c.o [1]
  .text              ro code  0x08001756     0x2  stm32f1xx_hal_i2c.o [1]
  .text              ro code  0x08001758    0xc8  main.o [1]
  .text              ro code  0x08001820   0x1d4  stm32f1xx_hal_gpio.o [1]
  .text              ro code  0x080019f4    0xe6  stm32f1xx_hal_cortex.o [1]
  .text              ro code  0x08001adc    0x28  stm32f1xx_hal.o [1]
  .text              ro code  0x08001b04    0x24  stm32f1xx_hal.o [1]
  .text              ro code  0x08001b28    0x44  gpio.o [1]
  .text              ro code  0x08001b6c    0x38  usb_device.o [1]
  .text              ro code  0x08001ba4    0xd8  tim.o [1]
  .text              ro code  0x08001c7c    0x1e  stm32f1xx_hal.o [1]
  .text              ro code  0x08001c9c    0xe8  stm32f1xx_hal_rcc_ex.o [1]
  .text              ro code  0x08001d84    0x8c  stm32f1xx_hal_msp.o [1]
  .text              ro code  0x08001e10   0x228  usbd_core.o [1]
  .text              ro code  0x08002038   0x204  usbd_cdc.o [1]
  .text              ro code  0x0800223c   0x354  stm32f1xx_hal_tim.o [1]
  .text              ro code  0x08002590    0x4a  stm32f1xx_hal_tim_ex.o [1]
  .text              ro code  0x080025dc   0x278  usbd_conf.o [1]
  .text              ro code  0x08002854   0x3aa  usbd_ctlreq.o [1]
  .text              ro code  0x08002bfe    0x60  usbd_ioreq.o [1]
  .text              ro code  0x08002c5e     0x2  stm32f1xx_hal_tim.o [1]
  .text              ro code  0x08002c60     0x2  stm32f1xx_hal_tim.o [1]
  .text              ro code  0x08002c62     0x2  stm32f1xx_hal_tim.o [1]
  .text              ro code  0x08002c64     0x2  stm32f1xx_hal_tim_ex.o [1]
  .text              ro code  0x08002c66     0x2  stm32f1xx_hal_tim.o [1]
  .text              ro code  0x08002c68     0x2  stm32f1xx_hal_tim_ex.o [1]
  .text              ro code  0x08002c6a     0x2  stm32f1xx_hal_tim.o [1]
  .text              ro code  0x08002c6c   0x6b2  stm32f1xx_hal_pcd.o [1]
  .text              ro code  0x0800331e    0x30  stm32f1xx_hal_pcd_ex.o [1]
  .text              ro code  0x08003350   0x622  stm32f1xx_ll_usb.o [1]
  .text              ro code  0x08003974    0x86  ABImemcpy.o [4]
  .text              ro code  0x080039fc    0xc0  usbd_desc.o [1]
  .text              ro code  0x08003abc    0x5c  system_stm32f1xx.o [1]
  .text              ro code  0x08003b18    0x44  stm32f1xx_it.o [1]
  .text              ro code  0x08003b5c    0x10  stm32f1xx_hal.o [1]
  .text              ro code  0x08003b6c    0x44  usbd_cdc_if.o [1]
  .text              ro code  0x08003bb0    0x40  zero_init3.o [4]
  .text              ro code  0x08003bf0    0x28  data_init.o [4]
  .iar.init_table    const    0x08003c18    0x20  - Linker created -
  .text              ro code  0x08003c38    0x1e  cmain.o [4]
  .text              ro code  0x08003c56     0x4  low_level_init.o [3]
  .text              ro code  0x08003c5a     0x4  exit.o [3]
  .text              ro code  0x08003c60     0xa  cexit.o [4]
  .text              ro code  0x08003c6c    0x14  exit.o [5]
  .text              ro code  0x08003c80    0x10  startup_stm32f103xe.o [1]
  .text              ro code  0x08003c90     0xc  cstartup_M.o [4]
  .rodata            const    0x08003c9c     0x8  system_stm32f1xx.o [1]
  .text              ro code  0x08003ca4     0x4  startup_stm32f103xe.o [1]
  .text              ro code  0x08003ca8     0x4  startup_stm32f103xe.o [1]
  .text              ro code  0x08003cac     0x4  startup_stm32f103xe.o [1]
  .text              ro code  0x08003cb0     0x4  startup_stm32f103xe.o [1]
  .text              ro code  0x08003cb4     0x4  startup_stm32f103xe.o [1]
  .text              ro code  0x08003cb8     0x4  startup_stm32f103xe.o [1]
  .text              ro code  0x08003cbc     0x4  startup_stm32f103xe.o [1]
  .text              ro code  0x08003cc0     0x4  startup_stm32f103xe.o [1]
  .text              ro code  0x08003cc4     0x4  startup_stm32f103xe.o [1]
  .text              ro code  0x08003cc8     0x4  startup_stm32f103xe.o [1]
  .text              ro code  0x08003ccc     0x4  startup_stm32f103xe.o [1]
  .text              ro code  0x08003cd0     0x4  startup_stm32f103xe.o [1]
  .text              ro code  0x08003cd4     0x4  startup_stm32f103xe.o [1]
  .text              ro code  0x08003cd8     0x4  startup_stm32f103xe.o [1]
  .text              ro code  0x08003cdc     0x4  startup_stm32f103xe.o [1]
  .text              ro code  0x08003ce0     0x4  startup_stm32f103xe.o [1]
  .text              ro code  0x08003ce4     0x4  startup_stm32f103xe.o [1]
  .text              ro code  0x08003ce8     0x4  startup_stm32f103xe.o [1]
  .text              ro code  0x08003cec     0x4  startup_stm32f103xe.o [1]
  .text              ro code  0x08003cf0     0x4  startup_stm32f103xe.o [1]
  .text              ro code  0x08003cf4     0x4  startup_stm32f103xe.o [1]
  .text              ro code  0x08003cf8     0x4  startup_stm32f103xe.o [1]
  .text              ro code  0x08003cfc     0x4  startup_stm32f103xe.o [1]
  .text              ro code  0x08003d00     0x4  startup_stm32f103xe.o [1]
  .text              ro code  0x08003d04     0x4  startup_stm32f103xe.o [1]
  .text              ro code  0x08003d08     0x4  startup_stm32f103xe.o [1]
  .text              ro code  0x08003d0c     0x4  startup_stm32f103xe.o [1]
  .text              ro code  0x08003d10     0x4  startup_stm32f103xe.o [1]
  .text              ro code  0x08003d14     0x4  startup_stm32f103xe.o [1]
  .text              ro code  0x08003d18     0x4  startup_stm32f103xe.o [1]
  .text              ro code  0x08003d1c     0x4  startup_stm32f103xe.o [1]
  .text              ro code  0x08003d20     0x4  startup_stm32f103xe.o [1]
  .text              ro code  0x08003d24     0x4  startup_stm32f103xe.o [1]
  .text              ro code  0x08003d28     0x4  startup_stm32f103xe.o [1]
  .text              ro code  0x08003d2c     0x4  startup_stm32f103xe.o [1]
  .text              ro code  0x08003d30     0x4  startup_stm32f103xe.o [1]
  .text              ro code  0x08003d34     0x4  startup_stm32f103xe.o [1]
  .text              ro code  0x08003d38     0x4  startup_stm32f103xe.o [1]
  .text              ro code  0x08003d3c     0x4  startup_stm32f103xe.o [1]
  .text              ro code  0x08003d40     0x4  startup_stm32f103xe.o [1]
  .text              ro code  0x08003d44     0x4  startup_stm32f103xe.o [1]
  .text              ro code  0x08003d48     0x4  startup_stm32f103xe.o [1]
  .text              ro code  0x08003d4c     0x4  startup_stm32f103xe.o [1]
  .text              ro code  0x08003d50     0x4  startup_stm32f103xe.o [1]
  .text              ro code  0x08003d54     0x4  startup_stm32f103xe.o [1]
  .text              ro code  0x08003d58     0x4  startup_stm32f103xe.o [1]
  .text              ro code  0x08003d5c     0x4  startup_stm32f103xe.o [1]
  .text              ro code  0x08003d60     0x4  startup_stm32f103xe.o [1]
  .text              ro code  0x08003d64     0x4  startup_stm32f103xe.o [1]
  .text              ro code  0x08003d68     0x4  startup_stm32f103xe.o [1]
  .text              ro code  0x08003d6c     0x4  startup_stm32f103xe.o [1]
  .text              ro code  0x08003d70     0x4  startup_stm32f103xe.o [1]
  .text              ro code  0x08003d74     0x4  startup_stm32f103xe.o [1]
  .text              ro code  0x08003d78     0x4  startup_stm32f103xe.o [1]
  .text              ro code  0x08003d7c     0x4  startup_stm32f103xe.o [1]
  .text              ro code  0x08003d80     0x4  startup_stm32f103xe.o [1]
  .rodata            const    0x08003d84     0x0  zero_init3.o [4]
  .rodata            const    0x08003d84     0x0  lz77_init_single.o [4]
  Initializer bytes  const    0x08003d84    0xd1  <for P2-1>
                            - 0x08003e55  0x3d25

"P2", part 1 of 3:                         0x164
  P2-1                        0x20000000   0x164  <Init block>
    .data            inited   0x20000000     0xc  main.o [1]
    .data            inited   0x2000000c     0x4  system_stm32f1xx.o [1]
    .data            inited   0x20000010     0xc  usbd_cdc.o [1]
    .data            inited   0x2000001c    0x38  usbd_cdc.o [1]
    .data            inited   0x20000054    0x44  usbd_cdc.o [1]
    .data            inited   0x20000098    0x44  usbd_cdc.o [1]
    .data            inited   0x200000dc    0x44  usbd_cdc.o [1]
    .data            inited   0x20000120    0x10  usbd_cdc_if.o [1]
    .data            inited   0x20000130    0x1c  usbd_desc.o [1]
    .data            inited   0x2000014c    0x14  usbd_desc.o [1]
    .data            inited   0x20000160     0x4  usbd_desc.o [1]
                            - 0x20000164   0x164

"P2", part 2 of 3:                        0x1b40
  .bss               zero     0x20000164  0x1000  usbd_cdc_if.o [1]
  .bss               zero     0x20001164   0x460  usbd_conf.o [1]
  .bss               zero     0x200015c4   0x224  usb_device.o [1]
  .bss               zero     0x200017e8   0x220  usbd_conf.o [1]
  .bss               zero     0x20001a08   0x200  usbd_desc.o [1]
  .bss               zero     0x20001c08    0x54  i2c.o [1]
  .bss               zero     0x20001c5c    0x40  tim.o [1]
  .bss               zero     0x20001c9c     0x4  stm32f1xx_hal.o [1]
  .bss               zero     0x20001ca0     0x1  usbd_cdc.o [1]
  .bss               zero     0x20001ca1     0x1  usbd_ctlreq.o [1]
                            - 0x20001ca2  0x1b3e

"P2", part 3 of 3:                         0x400
  CSTACK                      0x20001ca8   0x400  <Block>
    CSTACK           uninit   0x20001ca8   0x400  <Block tail>
                            - 0x200020a8   0x400


*******************************************************************************
*** INIT TABLE
***

          Address     Size
          -------     ----
Zero (__iar_zero_init3)
    1 destination range, total size 0x1b3e:
          0x20000164  0x1b3e

Copy/lz77 (__iar_lz77_init_single3)
    1 source range, total size 0xd1 (58% of destination):
          0x08003d84    0xd1
    1 destination range, total size 0x164:
          0x20000000   0x164



*******************************************************************************
*** MODULE SUMMARY
***

    Module                  ro code  ro data  rw data
    ------                  -------  -------  -------
C:\Users\Zgeny\Desktop\I2C\HAL_I2C\EWARM\HAL_I2C\Obj: [1]
    gpio.o                       68
    i2c.o                       216                84
    main.o                      200        7       12
    startup_stm32f103xe.o       544
    stm32f1xx_hal.o             134                 4
    stm32f1xx_hal_cortex.o      230
    stm32f1xx_hal_dma.o         272
    stm32f1xx_hal_gpio.o        468
    stm32f1xx_hal_i2c.o       3 814
    stm32f1xx_hal_msp.o         140
    stm32f1xx_hal_pcd.o       1 714
    stm32f1xx_hal_pcd_ex.o       48
    stm32f1xx_hal_rcc.o       1 234
    stm32f1xx_hal_rcc_ex.o      232
    stm32f1xx_hal_tim.o         862
    stm32f1xx_hal_tim_ex.o       78
    stm32f1xx_it.o               68
    stm32f1xx_ll_usb.o        1 570
    system_stm32f1xx.o           92       10        4
    tim.o                       216                64
    usb_device.o                 56               548
    usbd_cdc.o                  516      160      273
    usbd_cdc_if.o                68        9    4 112
    usbd_conf.o                 632             1 664
    usbd_core.o                 552
    usbd_ctlreq.o               938                 1
    usbd_desc.o                 192       31      564
    usbd_ioreq.o                 96
    -------------------------------------------------
    Total:                   15 250      217    7 330

command line: [2]
    -------------------------------------------------
    Total:

dl7M_tlf.a: [3]
    exit.o                        4
    low_level_init.o              4
    -------------------------------------------------
    Total:                        8

rt7M_tl.a: [4]
    ABImemcpy.o                 134
    cexit.o                      10
    cmain.o                      30
    cstartup_M.o                 12
    data_init.o                  40
    lz77_init_single.o          122
    zero_init3.o                 64
    -------------------------------------------------
    Total:                      412

shb_l.a: [5]
    exit.o                       20
    -------------------------------------------------
    Total:                       20

    Gaps                         18
    Linker created                        32    1 024
-----------------------------------------------------
    Grand Total:             15 708      249    8 354


*******************************************************************************
*** ENTRY LIST
***

Entry                      Address   Size  Type      Object
-----                      -------   ----  ----      ------
.iar.init_table$$Base   0x08003c18          --   Gb  - Linker created -
.iar.init_table$$Limit  0x08003c38          --   Gb  - Linker created -
?main                   0x08003c39         Code  Gb  cmain.o [4]
AHBPrescTable           0x08003b08   0x10  Data  Gb  system_stm32f1xx.o [1]
APBPrescTable           0x08003c9c    0x8  Data  Gb  system_stm32f1xx.o [1]
BusFault_Handler        0x08003b1f    0x2  Code  Gb  stm32f1xx_it.o [1]
CDC_Control_FS          0x08003b8f    0x4  Code  Lc  usbd_cdc_if.o [1]
CDC_DeInit_FS           0x08003b8b    0x4  Code  Lc  usbd_cdc_if.o [1]
CDC_Init_FS             0x08003b6d   0x1e  Code  Lc  usbd_cdc_if.o [1]
CDC_Receive_FS          0x08003b93   0x16  Code  Lc  usbd_cdc_if.o [1]
CSTACK$$Base            0x20001ca8          --   Gb  - Linker created -
CSTACK$$Limit           0x200020a8          --   Gb  - Linker created -
DebugMon_Handler        0x08003b25    0x2  Code  Gb  stm32f1xx_it.o [1]
FS_Desc                 0x20000130   0x1c  Data  Gb  usbd_desc.o [1]
HAL_DMA_Abort_IT        0x08001645   0xdc  Code  Gb  stm32f1xx_hal_dma.o [1]
HAL_Delay               0x08001c7d   0x1e  Code  Wk  stm32f1xx_hal.o [1]
HAL_GPIO_Init           0x08001821  0x196  Code  Gb  stm32f1xx_hal_gpio.o [1]
HAL_GetTick             0x08001629    0xc  Code  Wk  stm32f1xx_hal.o [1]
HAL_I2C_ER_IRQHandler   0x080005e1   0xc0  Code  Gb  stm32f1xx_hal_i2c.o [1]
HAL_I2C_EV_IRQHandler   0x080003af  0x20e  Code  Gb  stm32f1xx_hal_i2c.o [1]
HAL_I2C_Init            0x08000131   0xc8  Code  Gb  stm32f1xx_hal_i2c.o [1]
HAL_I2C_Master_Transmit
                        0x08000209   0xa2  Code  Gb  stm32f1xx_hal_i2c.o [1]
HAL_I2C_MspInit         0x080010b5   0x5a  Code  Gb  i2c.o [1]
HAL_IncTick             0x08003b5d   0x10  Code  Wk  stm32f1xx_hal.o [1]
HAL_Init                0x08001b05   0x20  Code  Gb  stm32f1xx_hal.o [1]
HAL_InitTick            0x08001add   0x28  Code  Wk  stm32f1xx_hal.o [1]
HAL_MspInit             0x08001d85   0x8c  Code  Gb  stm32f1xx_hal_msp.o [1]
HAL_NVIC_EnableIRQ      0x08001a67    0xa  Code  Gb  stm32f1xx_hal_cortex.o [1]
HAL_NVIC_SetPriority    0x08001a2d   0x3a  Code  Gb  stm32f1xx_hal_cortex.o [1]
HAL_NVIC_SetPriorityGrouping
                        0x08001a13   0x1a  Code  Gb  stm32f1xx_hal_cortex.o [1]
HAL_PCDEx_PMAConfig     0x0800331f   0x30  Code  Gb  stm32f1xx_hal_pcd_ex.o [1]
HAL_PCDEx_SetConnectionState
                        0x0800281f    0x2  Code  Gb  usbd_conf.o [1]
HAL_PCD_DataInStageCallback
                        0x0800262d    0xe  Code  Gb  usbd_conf.o [1]
HAL_PCD_DataOutStageCallback
                        0x0800261d   0x10  Code  Gb  usbd_conf.o [1]
HAL_PCD_EP_Close        0x08002eb5   0x30  Code  Gb  stm32f1xx_hal_pcd.o [1]
HAL_PCD_EP_ClrStall     0x08002fb1   0x42  Code  Gb  stm32f1xx_hal_pcd.o [1]
HAL_PCD_EP_GetRxCount   0x08002f15   0x10  Code  Gb  stm32f1xx_hal_pcd.o [1]
HAL_PCD_EP_Open         0x08002e81   0x34  Code  Gb  stm32f1xx_hal_pcd.o [1]
HAL_PCD_EP_Receive      0x08002efd   0x18  Code  Gb  stm32f1xx_hal_pcd.o [1]
HAL_PCD_EP_SetStall     0x08002f57   0x5a  Code  Gb  stm32f1xx_hal_pcd.o [1]
HAL_PCD_EP_Transmit     0x08002f25   0x18  Code  Gb  stm32f1xx_hal_pcd.o [1]
HAL_PCD_IRQHandler      0x08002d35   0xfa  Code  Gb  stm32f1xx_hal_pcd.o [1]
HAL_PCD_Init            0x08002c6d   0xa0  Code  Gb  stm32f1xx_hal_pcd.o [1]
HAL_PCD_MspInit         0x080025dd   0x34  Code  Gb  usbd_conf.o [1]
HAL_PCD_ResetCallback   0x08002643   0x1a  Code  Gb  usbd_conf.o [1]
HAL_PCD_ResumeCallback  0x08002679    0x8  Code  Gb  usbd_conf.o [1]
HAL_PCD_SOFCallback     0x0800263b    0x8  Code  Gb  usbd_conf.o [1]
HAL_PCD_SetAddress      0x08002e63   0x1e  Code  Gb  stm32f1xx_hal_pcd.o [1]
HAL_PCD_SetupStageCallback
                        0x08002611    0xc  Code  Gb  usbd_conf.o [1]
HAL_PCD_Start           0x08002d17   0x1e  Code  Gb  stm32f1xx_hal_pcd.o [1]
HAL_PCD_SuspendCallback
                        0x0800265d   0x1c  Code  Gb  usbd_conf.o [1]
HAL_RCCEx_PeriphCLKConfig
                        0x08001c9d   0xda  Code  Gb  stm32f1xx_hal_rcc_ex.o [1]
HAL_RCC_ClockConfig     0x08001471  0x10c  Code  Gb  stm32f1xx_hal_rcc.o [1]
HAL_RCC_GetHCLKFreq     0x080015cb    0x6  Code  Gb  stm32f1xx_hal_rcc.o [1]
HAL_RCC_GetPCLK1Freq    0x080015d1   0x10  Code  Gb  stm32f1xx_hal_rcc.o [1]
HAL_RCC_GetSysClockFreq
                        0x08001591   0x3a  Code  Gb  stm32f1xx_hal_rcc.o [1]
HAL_RCC_GetSysClockFreq::aPLLMULFactorTable
                        0x08001614   0x10  Data  Lc  stm32f1xx_hal_rcc.o [1]
HAL_RCC_GetSysClockFreq::aPredivFactorTable
                        0x08001624    0x2  Data  Lc  stm32f1xx_hal_rcc.o [1]
HAL_RCC_OscConfig       0x08001155  0x314  Code  Gb  stm32f1xx_hal_rcc.o [1]
HAL_SYSTICK_CLKSourceConfig
                        0x08001aa3   0x1a  Code  Gb  stm32f1xx_hal_cortex.o [1]
HAL_SYSTICK_Config      0x08001a7b   0x28  Code  Gb  stm32f1xx_hal_cortex.o [1]
HAL_SYSTICK_IRQHandler  0x08001ad5    0x4  Code  Gb  stm32f1xx_hal_cortex.o [1]
HAL_TIMEx_BreakCallback
                        0x08002c65    0x2  Code  Wk  stm32f1xx_hal_tim_ex.o [1]
HAL_TIMEx_CommutationCallback
                        0x08002c69    0x2  Code  Wk  stm32f1xx_hal_tim_ex.o [1]
HAL_TIMEx_MasterConfigSynchronization
                        0x08002591   0x4a  Code  Gb  stm32f1xx_hal_tim_ex.o [1]
HAL_TIM_Base_Init       0x0800223d   0x1a  Code  Gb  stm32f1xx_hal_tim.o [1]
HAL_TIM_Base_MspInit    0x08001c0d   0x34  Code  Gb  tim.o [1]
HAL_TIM_ConfigClockSource
                        0x080023c3   0xac  Code  Gb  stm32f1xx_hal_tim.o [1]
HAL_TIM_IRQHandler      0x0800227b  0x142  Code  Gb  stm32f1xx_hal_tim.o [1]
HardFault_Handler       0x08003b1b    0x2  Code  Gb  stm32f1xx_it.o [1]
I2C1_ER_IRQHandler      0x08003b49    0x6  Code  Gb  stm32f1xx_it.o [1]
I2C1_EV_IRQHandler      0x08003b43    0x6  Code  Gb  stm32f1xx_it.o [1]
I2C_DMAAbort            0x08000e0d   0x50  Code  Lc  stm32f1xx_hal_i2c.o [1]
I2C_ITError             0x08000c29   0xde  Code  Lc  stm32f1xx_hal_i2c.o [1]
I2C_IsAcknowledgeFailed
                        0x08000fdb   0x28  Code  Lc  stm32f1xx_hal_i2c.o [1]
I2C_MasterReceive_BTF   0x080008b7   0x90  Code  Lc  stm32f1xx_hal_i2c.o [1]
I2C_MasterReceive_RXNE  0x08000803   0x9c  Code  Lc  stm32f1xx_hal_i2c.o [1]
I2C_MasterRequestWrite  0x08000d35   0x7a  Code  Lc  stm32f1xx_hal_i2c.o [1]
I2C_MasterTransmit_BTF  0x08000769   0x48  Code  Lc  stm32f1xx_hal_i2c.o [1]
I2C_MasterTransmit_TXE  0x080006a1   0xc8  Code  Lc  stm32f1xx_hal_i2c.o [1]
I2C_Master_ADDR         0x0800096d  0x12c  Code  Lc  stm32f1xx_hal_i2c.o [1]
I2C_Slave_AF            0x08000bb1   0x78  Code  Lc  stm32f1xx_hal_i2c.o [1]
I2C_Slave_STOPF         0x08000ad5   0xd6  Code  Lc  stm32f1xx_hal_i2c.o [1]
I2C_WaitOnBTFFlagUntilTimeout
                        0x08000f7f   0x34  Code  Lc  stm32f1xx_hal_i2c.o [1]
I2C_WaitOnFlagUntilTimeout
                        0x08000e5d   0x6c  Code  Lc  stm32f1xx_hal_i2c.o [1]
I2C_WaitOnMasterAddressFlagUntilTimeout
                        0x08000ec9   0x82  Code  Lc  stm32f1xx_hal_i2c.o [1]
I2C_WaitOnTXEFlagUntilTimeout
                        0x08000f4b   0x34  Code  Lc  stm32f1xx_hal_i2c.o [1]
MX_GPIO_Init            0x08001b29   0x44  Code  Gb  gpio.o [1]
MX_I2C1_Init            0x0800107d   0x38  Code  Gb  i2c.o [1]
MX_TIM4_Init            0x08001ba5   0x68  Code  Gb  tim.o [1]
MX_USB_DEVICE_Init      0x08001b6d   0x38  Code  Gb  usb_device.o [1]
MemManage_Handler       0x08003b1d    0x2  Code  Gb  stm32f1xx_it.o [1]
NMI_Handler             0x08003b19    0x2  Code  Gb  stm32f1xx_it.o [1]
NVIC_SetPriority        0x080019f5   0x1e  Code  Lc  stm32f1xx_hal_cortex.o [1]
PCD_EP_ISR_Handler      0x08002ffb  0x2e8  Code  Lc  stm32f1xx_hal_pcd.o [1]
PendSV_Handler          0x08003b27    0x2  Code  Gb  stm32f1xx_it.o [1]
Region$$Table$$Base     0x08003c18          --   Gb  - Linker created -
Region$$Table$$Limit    0x08003c38          --   Gb  - Linker created -
SVC_Handler             0x08003b23    0x2  Code  Gb  stm32f1xx_it.o [1]
SysTick_Handler         0x08003b29    0xe  Code  Gb  stm32f1xx_it.o [1]
SystemClock_Config      0x08001799   0x86  Code  Gb  main.o [1]
SystemCoreClock         0x2000000c    0x4  Data  Gb  system_stm32f1xx.o [1]
SystemInit              0x08003abd   0x3a  Code  Gb  system_stm32f1xx.o [1]
TIM4_IRQHandler         0x08003b3d    0x6  Code  Gb  stm32f1xx_it.o [1]
TIM_Base_SetConfig      0x08002499   0x74  Code  Gb  stm32f1xx_hal_tim.o [1]
TIM_ETR_SetConfig       0x08002577   0x14  Code  Lc  stm32f1xx_hal_tim.o [1]
TIM_ITRx_SetConfig      0x08002567   0x10  Code  Lc  stm32f1xx_hal_tim.o [1]
TIM_TI1_ConfigInputStage
                        0x08002525   0x1e  Code  Lc  stm32f1xx_hal_tim.o [1]
TIM_TI2_ConfigInputStage
                        0x08002543   0x24  Code  Lc  stm32f1xx_hal_tim.o [1]
USBD_CDC                0x2000001c   0x38  Data  Gb  usbd_cdc.o [1]
USBD_CDC_CfgFSDesc      0x20000098   0x44  Data  Gb  usbd_cdc.o [1]
USBD_CDC_CfgHSDesc      0x20000054   0x44  Data  Gb  usbd_cdc.o [1]
USBD_CDC_DataIn         0x08002153   0x14  Code  Lc  usbd_cdc.o [1]
USBD_CDC_DataOut        0x08002167   0x2a  Code  Lc  usbd_cdc.o [1]
USBD_CDC_DeInit         0x080020b7   0x36  Code  Lc  usbd_cdc.o [1]
USBD_CDC_DeviceQualifierDesc
                        0x20000010    0xc  Data  Lc  usbd_cdc.o [1]
USBD_CDC_EP0_RxReady    0x08002191   0x26  Code  Lc  usbd_cdc.o [1]
USBD_CDC_GetDeviceQualifierDescriptor
                        0x080021cf    0x8  Code  Gb  usbd_cdc.o [1]
USBD_CDC_GetFSCfgDesc   0x080021b7    0x8  Code  Lc  usbd_cdc.o [1]
USBD_CDC_GetHSCfgDesc   0x080021bf    0x8  Code  Lc  usbd_cdc.o [1]
USBD_CDC_GetOtherSpeedCfgDesc
                        0x080021c7    0x8  Code  Lc  usbd_cdc.o [1]
USBD_CDC_Init           0x08002039   0x74  Code  Lc  usbd_cdc.o [1]
USBD_CDC_OtherSpeedCfgDesc
                        0x200000dc   0x44  Data  Gb  usbd_cdc.o [1]
USBD_CDC_ReceivePacket  0x08002217   0x26  Code  Gb  usbd_cdc.o [1]
USBD_CDC_RegisterInterface
                        0x080021ed    0xe  Code  Gb  usbd_cdc.o [1]
USBD_CDC_SetRxBuffer    0x0800220b    0xc  Code  Gb  usbd_cdc.o [1]
USBD_CDC_SetTxBuffer    0x080021fb   0x10  Code  Gb  usbd_cdc.o [1]
USBD_CDC_Setup          0x080020ed   0x66  Code  Lc  usbd_cdc.o [1]
USBD_CDC_Setup::ifalt   0x20001ca0    0x1  Data  Lc  usbd_cdc.o [1]
USBD_ClrClassConfig     0x08001e67    0xa  Code  Gb  usbd_core.o [1]
USBD_CtlContinueRx      0x08002c33    0x4  Code  Gb  usbd_ioreq.o [1]
USBD_CtlContinueSendData
                        0x08002c0f    0x4  Code  Gb  usbd_ioreq.o [1]
USBD_CtlError           0x08002ba3   0x16  Code  Gb  usbd_ctlreq.o [1]
USBD_CtlPrepareRx       0x08002c1f   0x14  Code  Gb  usbd_ioreq.o [1]
USBD_CtlReceiveStatus   0x08002c51    0xe  Code  Gb  usbd_ioreq.o [1]
USBD_CtlSendData        0x08002bff   0x10  Code  Gb  usbd_ioreq.o [1]
USBD_CtlSendStatus      0x08002c43    0xe  Code  Gb  usbd_ioreq.o [1]
USBD_FS_ConfigStrDescriptor
                        0x08003a4d    0xc  Code  Gb  usbd_desc.o [1]
USBD_FS_DeviceDesc      0x2000014c   0x14  Data  Gb  usbd_desc.o [1]
USBD_FS_DeviceDescriptor
                        0x080039fd    0x8  Code  Gb  usbd_desc.o [1]
USBD_FS_InterfaceStrDescriptor
                        0x08003a59    0xc  Code  Gb  usbd_desc.o [1]
USBD_FS_LangIDStrDescriptor
                        0x08003a05    0x8  Code  Gb  usbd_desc.o [1]
USBD_FS_ManufacturerStrDescriptor
                        0x08003a19    0xa  Code  Gb  usbd_desc.o [1]
USBD_FS_ProductStrDescriptor
                        0x08003a0d    0xc  Code  Gb  usbd_desc.o [1]
USBD_FS_SerialStrDescriptor
                        0x08003a2d    0xc  Code  Gb  usbd_desc.o [1]
USBD_GetDescriptor      0x08002a85   0xf0  Code  Lc  usbd_ctlreq.o [1]
USBD_GetString          0x08002bb9   0x46  Code  Gb  usbd_ctlreq.o [1]
USBD_Init               0x08001e11   0x26  Code  Gb  usbd_core.o [1]
USBD_Interface_fops_FS  0x20000120   0x10  Data  Gb  usbd_cdc_if.o [1]
USBD_LL_ClearStallEP    0x08002775   0x1a  Code  Gb  usbd_conf.o [1]
USBD_LL_CloseEP         0x08002741   0x1a  Code  Gb  usbd_conf.o [1]
USBD_LL_DataInStage     0x08001f29   0x94  Code  Gb  usbd_core.o [1]
USBD_LL_DataOutStage    0x08001ec7   0x62  Code  Gb  usbd_core.o [1]
USBD_LL_GetRxDataSize   0x080027fb    0x8  Code  Gb  usbd_conf.o [1]
USBD_LL_Init            0x08002681   0x86  Code  Gb  usbd_conf.o [1]
USBD_LL_IsStallEP       0x0800278f   0x1e  Code  Gb  usbd_conf.o [1]
USBD_LL_OpenEP          0x08002721   0x20  Code  Gb  usbd_conf.o [1]
USBD_LL_PrepareReceive  0x080027e1   0x1a  Code  Gb  usbd_conf.o [1]
USBD_LL_Reset           0x08001fbd   0x40  Code  Gb  usbd_core.o [1]
USBD_LL_Resume          0x0800200f    0x6  Code  Gb  usbd_core.o [1]
USBD_LL_SOF             0x0800201b   0x18  Code  Gb  usbd_core.o [1]
USBD_LL_SetSpeed        0x08001ffd    0x6  Code  Gb  usbd_core.o [1]
USBD_LL_SetUSBAddress   0x080027ad   0x1a  Code  Gb  usbd_conf.o [1]
USBD_LL_SetupStage      0x08001e71   0x56  Code  Gb  usbd_core.o [1]
USBD_LL_StallEP         0x0800275b   0x1a  Code  Gb  usbd_conf.o [1]
USBD_LL_Start           0x08002707   0x1a  Code  Gb  usbd_conf.o [1]
USBD_LL_Suspend         0x08002003    0xc  Code  Gb  usbd_core.o [1]
USBD_LL_Transmit        0x080027c7   0x1a  Code  Gb  usbd_conf.o [1]
USBD_LangIDDesc         0x20000160    0x4  Data  Gb  usbd_desc.o [1]
USBD_ParseSetupRequest  0x08002b7b   0x28  Code  Gb  usbd_ctlreq.o [1]
USBD_RegisterClass      0x08001e37   0x10  Code  Gb  usbd_core.o [1]
USBD_SetClassConfig     0x08001e51   0x16  Code  Gb  usbd_core.o [1]
USBD_SetConfig::cfgidx  0x20001ca1    0x1  Data  Lc  usbd_ctlreq.o [1]
USBD_Start              0x08001e47    0xa  Code  Gb  usbd_core.o [1]
USBD_StdDevReq          0x08002855  0x12a  Code  Gb  usbd_ctlreq.o [1]
USBD_StdEPReq           0x080029bd   0xbc  Code  Gb  usbd_ctlreq.o [1]
USBD_StdItfReq          0x08002985   0x32  Code  Gb  usbd_ctlreq.o [1]
USBD_StrDesc            0x20001a08  0x200  Data  Gb  usbd_desc.o [1]
USBD_static_free        0x0800281d    0x2  Code  Gb  usbd_conf.o [1]
USBD_static_malloc      0x08002803    0x4  Code  Gb  usbd_conf.o [1]
USBD_static_malloc::mem
                        0x200017e8  0x220  Data  Lc  usbd_conf.o [1]
USB_ActivateEndpoint    0x0800338d  0x206  Code  Gb  stm32f1xx_ll_usb.o [1]
USB_CoreInit            0x08003351    0x4  Code  Gb  stm32f1xx_ll_usb.o [1]
USB_DeactivateEndpoint  0x080035c1   0xd0  Code  Gb  stm32f1xx_ll_usb.o [1]
USB_DevConnect          0x0800390f    0x4  Code  Gb  stm32f1xx_ll_usb.o [1]
USB_DevDisconnect       0x08003913    0x4  Code  Gb  stm32f1xx_ll_usb.o [1]
USB_DevInit             0x0800336d   0x18  Code  Gb  stm32f1xx_ll_usb.o [1]
USB_DisableGlobalInt    0x0800335f    0xa  Code  Gb  stm32f1xx_ll_usb.o [1]
USB_EP0_OutStart        0x0800391d    0x4  Code  Gb  stm32f1xx_ll_usb.o [1]
USB_EPClearStall        0x08003893   0x70  Code  Gb  stm32f1xx_ll_usb.o [1]
USB_EPSetStall          0x08003849   0x4a  Code  Gb  stm32f1xx_ll_usb.o [1]
USB_EPStartXfer         0x080036bf  0x152  Code  Gb  stm32f1xx_ll_usb.o [1]
USB_EnableGlobalInt     0x08003355    0xa  Code  Gb  stm32f1xx_ll_usb.o [1]
USB_LP_CAN1_RX0_IRQHandler
                        0x08003b37    0x6  Code  Gb  stm32f1xx_it.o [1]
USB_ReadInterrupts      0x08003917    0x6  Code  Gb  stm32f1xx_ll_usb.o [1]
USB_ReadPMA             0x08003957   0x1c  Code  Gb  stm32f1xx_ll_usb.o [1]
USB_SetCurrentMode      0x08003369    0x4  Code  Gb  stm32f1xx_ll_usb.o [1]
USB_SetDevAddress       0x08003903    0xc  Code  Gb  stm32f1xx_ll_usb.o [1]
USB_WritePMA            0x08003933   0x24  Code  Gb  stm32f1xx_ll_usb.o [1]
UsageFault_Handler      0x08003b21    0x2  Code  Gb  stm32f1xx_it.o [1]
UserRxBufferFS          0x20000164  0x800  Data  Gb  usbd_cdc_if.o [1]
UserTxBufferFS          0x20000964  0x800  Data  Gb  usbd_cdc_if.o [1]
_Error_Handler          0x0800181f    0x2  Code  Gb  main.o [1]
__aeabi_memcpy4         0x08003975         Code  Gb  ABImemcpy.o [4]
__aeabi_memcpy8         0x08003975         Code  Gb  ABImemcpy.o [4]
__cmain                 0x08003c39         Code  Gb  cmain.o [4]
__exit                  0x08003c6d   0x14  Code  Gb  exit.o [5]
__iar_data_init3        0x08003bf1   0x28  Code  Gb  data_init.o [4]
__iar_lz77_init_single3
                        0x08001003   0x7a  Code  Gb  lz77_init_single.o [4]
__iar_program_start     0x08003c91         Code  Gb  cstartup_M.o [4]
__iar_systems$$module {Abs}
                        0x00000001         Data  Gb  command line/config [2]
__iar_zero_init3        0x08003bb1   0x40  Code  Gb  zero_init3.o [4]
__low_level_init        0x08003c57    0x4  Code  Gb  low_level_init.o [3]
__vector_table          0x08000000         Data  Gb  startup_stm32f103xe.o [1]
_call_main              0x08003c45         Code  Gb  cmain.o [4]
_exit                   0x08003c61         Code  Gb  cexit.o [4]
_main                   0x08003c53         Code  Gb  cmain.o [4]
exit                    0x08003c5b    0x4  Code  Gb  exit.o [3]
hUsbDeviceFS            0x200015c4  0x224  Data  Gb  usb_device.o [1]
hi2c1                   0x20001c08   0x54  Data  Gb  i2c.o [1]
hpcd_USB_FS             0x20001164  0x460  Data  Gb  usbd_conf.o [1]
htim4                   0x20001c5c   0x40  Data  Gb  tim.o [1]
i2cBuff                 0x20000000    0xc  Data  Gb  main.o [1]
main                    0x08001759   0x38  Code  Gb  main.o [1]
uwTick                  0x20001c9c    0x4  Data  Gb  stm32f1xx_hal.o [1]


[1] = C:\Users\Zgeny\Desktop\I2C\HAL_I2C\EWARM\HAL_I2C\Obj
[2] = command line
[3] = dl7M_tlf.a
[4] = rt7M_tl.a
[5] = shb_l.a

  15 708 bytes of readonly  code memory
     249 bytes of readonly  data memory
   8 354 bytes of readwrite data memory

Errors: none
Warnings: none
